
WARNING: You are using Node.js 25.1.0 which is not supported by Hardhat.
Please upgrade to 22.10.0 or a later LTS version (even major version number)

[dotenv@17.2.3] injecting env (0) from ../.env -- tip: 🗂️ backup and recover secrets: https://dotenvx.com/ops
Nothing to compile
Nothing to compile

Running Mocha tests


  ExpireNFT
    Deployment
      ✔ Should set the correct name and symbol
      ✔ Should set the correct owner
      ✔ Should initialize with zero minted tokens
      ✔ Should have max supply of 10000
      ✔ Should have correct available tokens
      ✔ Should have mint price of 0
    Mint Price Configuration
      ✔ Should allow owner to set mint price
      ✔ Should not allow non-owner to set mint price
    Base URI
      ✔ Should allow owner to set base URI
      ✔ Should not allow non-owner to set base URI
    mintAtIndex
      ✔ Should mint a specific token ID
      ✔ Should emit MintedAtIndex event
      ✔ Should require payment when mint price is set
      ✔ Should not allow minting the same token twice
      ✔ Should not allow minting token ID >= MAX_SUPPLY
      ✔ Should decrease available tokens
      ✔ Should update ownedIds correctly
    mintRandom
      ✔ Should mint a random token (86ms)
      ✔ Should emit MintedRandom event (43ms)
      ✔ Should mint different tokens on multiple calls
      ✔ Should work with consistent gas across mints (4727ms)
      ✔ Should require payment when mint price is set (2316ms)
      ✔ Should decrease available count
    mintReserve
      ✔ Should allow owner to reserve mint
      ✔ Should emit MintedReserve event
      ✔ Should not allow non-owner to reserve mint
      ✔ Should not require payment
    mintReserveBatch
      ✔ Should batch mint multiple tokens
      ✔ Should not allow non-owner to batch mint
      ✔ Should fail if exceeding max supply (167ms)
    Expiration Date
      ✔ Should allow owner to set expiration date
      ✔ Should emit ExpireDateSet event
      ✔ Should not allow setting expiration in the past
      ✔ Should prevent minting after expiration
    Activity Period
      ✔ Should allow owner to set activity period
      ✔ Should emit ActivityPeriodSet event
      ✔ Should not allow end time before start time
      ✔ Should check if transfer is active
      ✔ Should check if activity has ended
    Transfers
      ✔ Should allow transfer during active period
      ✔ Should block transfer before activity start
      ✔ Should block transfer after activity end
      ✔ Should update ownedIds after transfer
    Burn
      1) Should allow owner to burn their token
      ✔ Should emit TokenBurned event
      ✔ Should not allow non-owner to burn before activity end
ownerOf(1) reverted as expected
      2) Should allow anyone to burn after activity end
      ✔ Should update ownedIds after burn
    getAvailableTokens
      ✔ Should return available tokens
      ✔ Should return fewer tokens if less available (26809ms)
      ✔ Should not allow limit > 100
      ✔ Should return correct tokens after some mints
    ownedIds
      ✔ Should return empty array for non-owner
      ✔ Should return all owned token IDs
      ✔ Should update after transfer
    Withdraw
      ✔ Should allow owner to withdraw funds
      ✔ Should not allow non-owner to withdraw
      ✔ Should fail if no balance
    Gas Optimization Tests
      ✔ mintRandom should have consistent gas (15840ms)


  57 passing (51s)
  2 failing

  1) ExpireNFT
       Burn
         Should allow owner to burn their token:
     HardhatError: HHE70024: The .reverted matcher has been deprecated. Use .revert(ethers) instead.
      at _Assertion.<anonymous> (node_modules/@nomicfoundation/hardhat-ethers-chai-matchers/src/internal/matchers/reverted/legacyReverted.ts:15:11)
      at _Assertion.propertyGetter (file:///Users/entronica/Desktop/Coding/smartcontract/node_modules/chai/index.js:1557:27)
      at doAsserterAsyncAndAddThen (file:///Users/entronica/Desktop/Coding/smartcontract/node_modules/chai-as-promised/lib/chai-as-promised.js:340:16)
      at _Assertion.<anonymous> (file:///Users/entronica/Desktop/Coding/smartcontract/node_modules/chai-as-promised/lib/chai-as-promised.js:329:15)
      at _Assertion.overwritingPropertyGetter (file:///Users/entronica/Desktop/Coding/smartcontract/node_modules/chai/index.js:1709:35)
      at Reflect.get (<anonymous>)
      at Object.proxyGetter [as get] (file:///Users/entronica/Desktop/Coding/smartcontract/node_modules/chai/index.js:1645:22)
      at Context.<anonymous> (test/ExpireNFT.ts:429:47)

  2) ExpireNFT
       Burn
         Should allow anyone to burn after activity end:
     HardhatError: HHE70024: The .reverted matcher has been deprecated. Use .revert(ethers) instead.
      at _Assertion.<anonymous> (node_modules/@nomicfoundation/hardhat-ethers-chai-matchers/src/internal/matchers/reverted/legacyReverted.ts:15:11)
      at _Assertion.propertyGetter (file:///Users/entronica/Desktop/Coding/smartcontract/node_modules/chai/index.js:1557:27)
      at doAsserterAsyncAndAddThen (file:///Users/entronica/Desktop/Coding/smartcontract/node_modules/chai-as-promised/lib/chai-as-promised.js:340:16)
      at _Assertion.<anonymous> (file:///Users/entronica/Desktop/Coding/smartcontract/node_modules/chai-as-promised/lib/chai-as-promised.js:329:15)
      at _Assertion.overwritingPropertyGetter (file:///Users/entronica/Desktop/Coding/smartcontract/node_modules/chai/index.js:1709:35)
      at Reflect.get (<anonymous>)
      at Object.proxyGetter [as get] (file:///Users/entronica/Desktop/Coding/smartcontract/node_modules/chai/index.js:1645:22)
      at Context.<anonymous> (test/ExpireNFT.ts:458:47)




Test run failed
